3807.lean:156:8-156:32: warning: declaration uses `sorry`
3807.lean:219:8-219:29: warning: declaration uses `sorry`
3807.lean:350:9-350:20: warning: declaration uses `sorry`
3807.lean:350:9-350:20: warning: declaration uses `sorry`
3807.lean:355:9-355:24: warning: declaration uses `sorry`
3807.lean:362:4-362:17: warning: declaration uses `sorry`
3807.lean:362:4-362:17: warning: declaration uses `sorry`
3807.lean:362:4-362:17: warning: declaration uses `sorry`
3807.lean:369:4-369:21: warning: declaration uses `sorry`
3807.lean:378:9-378:26: warning: declaration uses `sorry`
3807.lean:411:4-411:29: warning: declaration uses `sorry`
3807.lean:425:9-425:27: warning: declaration uses `sorry`
3807.lean:425:9-425:27: warning: declaration uses `sorry`
3807.lean:425:9-425:27: warning: declaration uses `sorry`
3807.lean:430:9-430:27: warning: declaration uses `sorry`
3807.lean:430:9-430:27: warning: declaration uses `sorry`
3807.lean:430:9-430:27: warning: declaration uses `sorry`
3807.lean:439:9-439:27: warning: declaration uses `sorry`
3807.lean:560:27-560:69: warning: declaration uses `sorry`
3807.lean:563:9-563:41: warning: declaration uses `sorry`
3807.lean:575:9-575:30: warning: declaration uses `sorry`
3807.lean:582:9-582:32: warning: declaration uses `sorry`
3807.lean:582:9-582:32: warning: declaration uses `sorry`
3807.lean:604:27-604:63: warning: declaration uses `sorry`
3807.lean:608:27-608:82: warning: declaration uses `sorry`
3807.lean:632:27-632:69: warning: declaration uses `sorry`
3807.lean:632:27-632:69: warning: declaration uses `sorry`
3807.lean:638:27-638:60: warning: declaration uses `sorry`
3807.lean:638:27-638:60: warning: declaration uses `sorry`
3807.lean:638:27-638:60: warning: declaration uses `sorry`
3807.lean:648:9-648:32: warning: declaration uses `sorry`
3807.lean:648:9-648:32: warning: declaration uses `sorry`
3807.lean:648:9-648:32: warning: declaration uses `sorry`
3807.lean:648:9-648:32: warning: declaration uses `sorry`
3807.lean:657:9-657:30: warning: declaration uses `sorry`
3807.lean:657:9-657:30: warning: declaration uses `sorry`
3807.lean:657:9-657:30: warning: declaration uses `sorry`
3807.lean:657:9-657:30: warning: declaration uses `sorry`
3807.lean:716:27-716:43: warning: declaration uses `sorry`
3807.lean:909:4-909:24: warning: declaration uses `sorry`
3807.lean:927:4-927:26: warning: declaration uses `sorry`
3807.lean:954:4-954:24: warning: declaration uses `sorry`
3807.lean:972:4-972:24: warning: declaration uses `sorry`
3807.lean:1012:4-1012:15: warning: declaration uses `sorry`
3807.lean:1016:4-1016:18: warning: declaration uses `sorry`
3807.lean:1016:4-1016:18: warning: declaration uses `sorry`
3807.lean:1022:4-1022:15: warning: declaration uses `sorry`
3807.lean:1026:4-1026:21: warning: declaration uses `sorry`
3807.lean:1026:4-1026:21: warning: declaration uses `sorry`
3807.lean:1042:4-1042:17: warning: declaration uses `sorry`
3807.lean:1045:4-1045:17: warning: declaration uses `sorry`
3807.lean:1171:9-1171:25: warning: declaration uses `sorry`
3807.lean:1181:4-1181:8: warning: declaration uses `sorry`
3807.lean:1199:14-1199:23: warning: declaration uses `sorry`
3807.lean:1202:14-1202:26: warning: declaration uses `sorry`
3807.lean:1205:14-1205:23: warning: declaration uses `sorry`
3807.lean:1208:14-1208:26: warning: declaration uses `sorry`
3807.lean:1221:14-1221:25: warning: declaration uses `sorry`
3807.lean:1221:14-1221:25: warning: declaration uses `sorry`
3807.lean:1226:14-1226:26: warning: declaration uses `sorry`
3807.lean:1226:14-1226:26: warning: declaration uses `sorry`
3807.lean:1233:14-1233:20: warning: declaration uses `sorry`
3807.lean:1233:14-1233:20: warning: declaration uses `sorry`
3807.lean:1239:14-1239:23: warning: declaration uses `sorry`
3807.lean:1239:14-1239:23: warning: declaration uses `sorry`
3807.lean:1245:14-1245:30: warning: declaration uses `sorry`
3807.lean:1245:14-1245:30: warning: declaration uses `sorry`
3807.lean:1263:14-1263:26: warning: declaration uses `sorry`
3807.lean:1263:14-1263:26: warning: declaration uses `sorry`
3807.lean:1263:14-1263:26: warning: declaration uses `sorry`
3807.lean:1263:14-1263:26: warning: declaration uses `sorry`
3807.lean:1271:14-1271:26: warning: declaration uses `sorry`
3807.lean:1271:14-1271:26: warning: declaration uses `sorry`
3807.lean:1271:14-1271:26: warning: declaration uses `sorry`
3807.lean:1271:14-1271:26: warning: declaration uses `sorry`
3807.lean:1280:14-1280:19: warning: declaration uses `sorry`
3807.lean:1284:14-1284:22: warning: declaration uses `sorry`
3807.lean:1289:14-1289:29: warning: declaration uses `sorry`
3807.lean:1289:14-1289:29: warning: declaration uses `sorry`
3807.lean:1319:14-1319:45: warning: declaration uses `sorry`
3807.lean:1319:14-1319:45: warning: declaration uses `sorry`
3807.lean:1360:14-1360:46: warning: declaration uses `sorry`
3807.lean:1360:14-1360:46: warning: declaration uses `sorry`
3807.lean:1428:9-1428:27: warning: declaration uses `sorry`
3807.lean:1527:27-1527:30: warning: declaration uses `sorry`
3807.lean:1536:27-1536:30: warning: declaration uses `sorry`
3807.lean:1568:9-1568:12: warning: declaration uses `sorry`
3807.lean:1577:9-1577:13: warning: declaration uses `sorry`
3807.lean:1584:9-1584:13: warning: declaration uses `sorry`
3807.lean:1599:9-1599:14: warning: declaration uses `sorry`
3807.lean:1618:4-1618:11: warning: declaration uses `sorry`
3807.lean:1618:4-1618:11: warning: declaration uses `sorry`
3807.lean:1630:4-1630:11: warning: declaration uses `sorry`
3807.lean:1630:4-1630:11: warning: declaration uses `sorry`
3807.lean:1639:4-1639:15: warning: declaration uses `sorry`
3807.lean:1639:4-1639:15: warning: declaration uses `sorry`
3807.lean:1649:4-1649:15: warning: declaration uses `sorry`
3807.lean:1649:4-1649:15: warning: declaration uses `sorry`
3807.lean:1665:9-1665:12: warning: declaration uses `sorry`
3807.lean:1669:9-1669:12: warning: declaration uses `sorry`
3807.lean:1673:9-1673:12: warning: declaration uses `sorry`
3807.lean:1677:9-1677:12: warning: declaration uses `sorry`
3807.lean:1681:9-1681:39: warning: declaration uses `sorry`
3807.lean:1685:9-1685:13: warning: declaration uses `sorry`
3807.lean:1705:0-1705:8: warning: declaration uses `sorry`
3807.lean:1709:0-1709:8: warning: declaration uses `sorry`
3807.lean:1732:0-1732:8: warning: declaration uses `sorry`
3807.lean:1736:0-1736:8: warning: declaration uses `sorry`
3807.lean:1794:18-1794:35: warning: declaration uses `sorry`
3807.lean:1810:26-1810:69: warning: declaration uses `sorry`
3807.lean:1810:26-1810:69: warning: declaration uses `sorry`
3807.lean:1810:26-1810:69: warning: declaration uses `sorry`
3807.lean:1810:26-1810:69: warning: declaration uses `sorry`
3807.lean:1810:26-1810:69: warning: declaration uses `sorry`
3807.lean:1810:26-1810:69: warning: declaration uses `sorry`
3807.lean:1810:26-1810:69: warning: declaration uses `sorry`
3807.lean:1883:4-1883:18: warning: declaration uses `sorry`
3807.lean:1908:26-1908:38: warning: declaration uses `sorry`
3807.lean:1926:14-1926:17: warning: declaration uses `sorry`
3807.lean:1926:14-1926:17: warning: declaration uses `sorry`
3807.lean:1968:9-1968:35: warning: declaration uses `sorry`
3807.lean:1970:9-1970:11: warning: declaration uses `sorry`
3807.lean:1970:9-1970:11: warning: declaration uses `sorry`
3807.lean:1970:9-1970:11: warning: declaration uses `sorry`
3807.lean:1970:9-1970:11: warning: declaration uses `sorry`
3807.lean:2022:9-2022:20: warning: declaration uses `sorry`
3807.lean:2030:8-2030:11: warning: declaration uses `sorry`
3807.lean:2033:4-2033:8: warning: declaration uses `sorry`
3807.lean:2090:4-2090:12: warning: declaration uses `sorry`
3807.lean:2090:4-2090:12: warning: declaration uses `sorry`
3807.lean:2095:4-2095:8: warning: declaration uses `sorry`
3807.lean:2099:8-2099:24: warning: declaration uses `sorry`
3807.lean:2131:27-2131:35: warning: declaration uses `sorry`
3807.lean:2131:27-2131:35: warning: declaration uses `sorry`
3807.lean:2139:4-2139:7: warning: declaration uses `sorry`
3807.lean:2139:4-2139:7: warning: declaration uses `sorry`
3807.lean:2139:4-2139:7: warning: declaration uses `sorry`
3807.lean:2139:4-2139:7: warning: declaration uses `sorry`
3807.lean:2139:4-2139:7: warning: declaration uses `sorry`
3807.lean:2160:4-2160:15: warning: declaration uses `sorry`
3807.lean:2164:4-2164:17: warning: declaration uses `sorry`
3807.lean:2196:4-2196:13: warning: declaration uses `sorry`
3807.lean:2196:4-2196:13: warning: declaration uses `sorry`
3807.lean:2196:4-2196:13: warning: declaration uses `sorry`
3807.lean:2196:4-2196:13: warning: declaration uses `sorry`
3807.lean:2196:4-2196:13: warning: declaration uses `sorry`
3807.lean:2206:9-2206:26: warning: declaration uses `sorry`
3807.lean:2226:4-2226:12: warning: declaration uses `sorry`
3807.lean:2257:4-2257:14: warning: declaration uses `sorry`
3807.lean:2270:4-2270:21: warning: declaration uses `sorry`
3807.lean:2316:4-2316:22: warning: declaration uses `sorry`
3807.lean:2361:9-2361:22: warning: declaration uses `sorry`
3807.lean:2370:4-2370:14: warning: declaration uses `sorry`
3807.lean:2387:4-2387:19: warning: declaration uses `sorry`
3807.lean:2412:4-2412:10: warning: declaration uses `sorry`
3807.lean:2417:8-2417:21: warning: declaration uses `sorry`
3807.lean:2421:8-2421:36: warning: declaration uses `sorry`
3807.lean:2425:8-2425:32: warning: declaration uses `sorry`
3807.lean:2441:0-2441:8: warning: declaration uses `sorry`
3807.lean:2446:16-2446:48: warning: declaration uses `sorry`
